---
source: crates/realtime/src/channel/presence/member.rs
expression: member
---
{
  "connectionId": "connection-1",
  "clientId": "client-1",
  "nodeInstance": {
    "nodeId": "node-1",
    "bootGeneration": "293a2951-5ba0-482c-91c7-0a0c72a5ce4b",
    "startedAt": 1700000000000
  },
  "data": {
    "status": "online"
  },
  "lastMessageId": "connection-1:7:0",
  "presenceRevision": 3,
  "updatedAt": 1700000000005
}
